// Jest Snapshot v1, https://goo.gl/fbAQLP

exports[`ReadMore should matches snapshot 1`] = `
<DocumentFragment>
  <div
    class="css-1qsf17s"
  >
    <h3
      class="chakra-heading css-16iqw5x"
    >
      Read more
    </h3>
    <div
      class="css-v6gzm5"
    >
      <a
        class="chakra-stack css-j683cg"
        href="/wiki/design"
      >
        <p
          class="chakra-text css-0"
        >
          Design
        </p>
        <img
          alt=""
          data-nimg="1"
          decoding="async"
          height="100"
          loading="lazy"
          src="/_next/image?url=%2Fimg.jpg&w=384&q=75"
          srcset="/_next/image?url=%2Fimg.jpg&w=256&q=75 1x, /_next/image?url=%2Fimg.jpg&w=384&q=75 2x"
          style="color: transparent;"
          width="150"
        />
      </a>
      <a
        class="chakra-stack css-j683cg"
        href="/wiki/design"
      >
        <p
          class="chakra-text css-0"
        >
          Design
        </p>
        <img
          alt=""
          data-nimg="1"
          decoding="async"
          height="100"
          loading="lazy"
          src="/_next/image?url=%2Fimg.jpg&w=384&q=75"
          srcset="/_next/image?url=%2Fimg.jpg&w=256&q=75 1x, /_next/image?url=%2Fimg.jpg&w=384&q=75 2x"
          style="color: transparent;"
          width="150"
        />
      </a>
      <a
        class="chakra-stack css-n2ydgl"
        href="/wiki/development"
      >
        <p
          class="chakra-text css-0"
        >
          Development
        </p>
        <img
          alt=""
          data-nimg="1"
          decoding="async"
          height="100"
          loading="lazy"
          src="/_next/image?url=%2Fimg.jpg&w=384&q=75"
          srcset="/_next/image?url=%2Fimg.jpg&w=256&q=75 1x, /_next/image?url=%2Fimg.jpg&w=384&q=75 2x"
          style="color: transparent;"
          width="150"
        />
      </a>
      <a
        class="chakra-stack css-1c6oe1o"
        href="/wiki/testing"
      >
        <p
          class="chakra-text css-0"
        >
          Testing
        </p>
        <img
          alt=""
          data-nimg="1"
          decoding="async"
          height="100"
          loading="lazy"
          src="/_next/image?url=%2Fimg.jpg&w=384&q=75"
          srcset="/_next/image?url=%2Fimg.jpg&w=256&q=75 1x, /_next/image?url=%2Fimg.jpg&w=384&q=75 2x"
          style="color: transparent;"
          width="150"
        />
      </a>
      <a
        class="chakra-stack css-1qnjf86"
        href="/wiki/deployment"
      >
        <p
          class="chakra-text css-0"
        >
          Deployment
        </p>
        <img
          alt=""
          data-nimg="1"
          decoding="async"
          height="100"
          loading="lazy"
          src="/_next/image?url=%2Fimg.jpg&w=384&q=75"
          srcset="/_next/image?url=%2Fimg.jpg&w=256&q=75 1x, /_next/image?url=%2Fimg.jpg&w=384&q=75 2x"
          style="color: transparent;"
          width="150"
        />
      </a>
    </div>
  </div>
</DocumentFragment>
`;
